Ok(
    Let(
        Let {
            name: "x",
            value: If(
                If {
                    check: Bool(
                        Bool {
                            b: true,
                        },
                    ),
                    then: Int(
                        Int {
                            n: 1,
                        },
                    ),
                    els: Int(
                        Int {
                            n: 0,
                        },
                    ),
                },
            ),
            body: Var(
                Var {
                    name: "x",
                },
            ),
            rec: false,
        },
    ),
)