Ok(
    BinOp(
        BinOp {
            left: BinOp(
                BinOp {
                    left: Var(
                        Var {
                            name: "a",
                        },
                    ),
                    right: Var(
                        Var {
                            name: "b",
                        },
                    ),
                    kind: Mul,
                },
            ),
            right: Var(
                Var {
                    name: "c",
                },
            ),
            kind: Div,
        },
    ),
)