Err(
    UnrecognizedToken {
        token: (
            0,
            Token(
                1,
                "A",
            ),
            1,
        ),
        expected: [
            "\"(\"",
            "\"()\"",
            "\"false\"",
            "\"fun\"",
            "\"if\"",
            "\"let\"",
            "\"true\"",
            "r#\"\\\"[^\\\"]*\\\"\"#",
            "r#\"[a-z_][a-zA-Z_]*'?\"#",
            "r#\"\\\\-?[0-9]+\"#",
        ],
    },
)