---
source: src/parser.rs
expression: source
input_file: src/snapshot_inputs/bin_op/add_int.panda
---
Expr(
    BinOp {
        left: Expr(
            Int {
                n: 1,
            },
        ),
        right: Expr(
            Int {
                n: 1,
            },
        ),
        kind: Add,
    },
)
