---
source: src/parser.rs
expression: source
input_file: src/snapshot_inputs/bin_op/prec4.panda
---
BinOp(
    BinOp {
        left: BinOp(
            BinOp {
                left: Var(
                    Var {
                        name: "a",
                    },
                ),
                right: BinOp(
                    BinOp {
                        left: Var(
                            Var {
                                name: "b",
                            },
                        ),
                        right: Var(
                            Var {
                                name: "c",
                            },
                        ),
                        kind: Mul,
                    },
                ),
                kind: Add,
            },
        ),
        right: BinOp(
            BinOp {
                left: Var(
                    Var {
                        name: "d",
                    },
                ),
                right: Var(
                    Var {
                        name: "e",
                    },
                ),
                kind: Div,
            },
        ),
        kind: Sub,
    },
)
