---
source: src/parser.rs
expression: source
input_file: src/snapshot_inputs/parens/parens5.panda
---
Expr(
    BinOp {
        left: Expr(
            BinOp {
                left: Expr(
                    Var {
                        name: "a",
                    },
                ),
                right: Expr(
                    BinOp {
                        left: Expr(
                            Var {
                                name: "b",
                            },
                        ),
                        right: Expr(
                            BinOp {
                                left: Expr(
                                    Var {
                                        name: "c",
                                    },
                                ),
                                right: Expr(
                                    Var {
                                        name: "d",
                                    },
                                ),
                                kind: Sub,
                            },
                        ),
                        kind: Mul,
                    },
                ),
                kind: Add,
            },
        ),
        right: Expr(
            Var {
                name: "e",
            },
        ),
        kind: Div,
    },
)
