Ok(
    BinOp(
        BinOp {
            left: BinOp(
                BinOp {
                    left: Var(
                        Var {
                            name: "a",
                        },
                    ),
                    right: BinOp(
                        BinOp {
                            left: Var(
                                Var {
                                    name: "b",
                                },
                            ),
                            right: BinOp(
                                BinOp {
                                    left: Var(
                                        Var {
                                            name: "c",
                                        },
                                    ),
                                    right: Var(
                                        Var {
                                            name: "d",
                                        },
                                    ),
                                    kind: Sub,
                                },
                            ),
                            kind: Mul,
                        },
                    ),
                    kind: Add,
                },
            ),
            right: Var(
                Var {
                    name: "e",
                },
            ),
            kind: Div,
        },
    ),
)