---
source: crates/pandalang/src/parser.rs
expression: test(path)
input_file: crates/pandalang/src/snapshot_inputs/bin_op/add_int.panda
---
Ok(
    BinOp(
        BinOp {
            left: Int(
                Int {
                    n: 1,
                },
            ),
            right: Int(
                Int {
                    n: 1,
                },
            ),
            kind: Add,
        },
    ),
)
