---
source: crates/pandalang/src/parser.rs
expression: source
input_file: crates/pandalang/src/snapshot_inputs/bin_op/add_var.panda
---
BinOp(
    BinOp {
        left: Var(
            Var {
                name: "a",
            },
        ),
        right: Var(
            Var {
                name: "b",
            },
        ),
        kind: Add,
    },
)
