---
source: crates/pandalang/src/parser.rs
expression: test(path)
input_file: crates/pandalang/src/snapshot_inputs/fun/id.panda
---
Ok(
    Fun(
        Fun {
            patt: Id {
                name: "x",
                typ: Base {
                    name: "Int",
                },
            },
            body: Var(
                Var {
                    name: "x",
                },
            ),
        },
    ),
)
