---
source: crates/pandalang/src/parser.rs
expression: test_prog(path)
input_file: crates/pandalang/src/snapshot_inputs/progs/declare/int.panda
---
Ok(
    Program {
        stmts: [
            Declare(
                Declare {
                    name: "foo",
                    typ: Simple(
                        "Int",
                    ),
                },
            ),
        ],
    },
)
