---
source: crates/pandalang/src/parser.rs
expression: test(path)
input_file: crates/pandalang/src/snapshot_inputs/app/id.panda
---
Ok(
    App(
        App {
            fun: Fun(
                Fun {
                    patt: Id {
                        name: "x",
                    },
                    body: Var(
                        Var {
                            name: "x",
                        },
                    ),
                },
            ),
            arg: Int(
                Int {
                    n: 3,
                },
            ),
        },
    ),
)
