---
source: crates/pandalang/src/parser.rs
expression: source
input_file: crates/pandalang/src/snapshot_inputs/app/add_one.panda
---
App(
    App {
        fun: Fun(
            Fun {
                patt: Id {
                    name: "x",
                    typ: Base {
                        name: "Int",
                    },
                },
                body: BinOp(
                    BinOp {
                        left: Var(
                            Var {
                                name: "x",
                            },
                        ),
                        right: Int(
                            Int {
                                n: 1,
                            },
                        ),
                        kind: Add,
                    },
                ),
            },
        ),
        arg: Int(
            Int {
                n: 3,
            },
        ),
    },
)
