---
source: crates/pandalang/src/parser.rs
expression: source
input_file: crates/pandalang/src/snapshot_inputs/bin_op/add_assoc.panda
---
BinOp(
    BinOp {
        left: BinOp(
            BinOp {
                left: Var(
                    Var {
                        name: "a",
                    },
                ),
                right: Var(
                    Var {
                        name: "b",
                    },
                ),
                kind: Add,
            },
        ),
        right: Var(
            Var {
                name: "c",
            },
        ),
        kind: Add,
    },
)
